2025-05-05 10:39:07,873 - src.masks - INFO - Начало работы функции mask_card_number для номера: 1234123412341234
2025-05-05 10:39:07,875 - src.masks - INFO - Карта успешно замаскирована: 1234 12** **** 1234
2025-05-05 10:39:07,877 - src.masks - INFO - Начало работы функции mask_card_number для номера: 0000000000000000
2025-05-05 10:39:07,879 - src.masks - INFO - Карта успешно замаскирована: 0000 00** **** 0000
2025-05-05 10:39:07,889 - src.masks - INFO - Начало работы функции mask_account_number для номера: 1234123412341234
2025-05-05 10:39:07,891 - src.masks - INFO - Счёт успешно замаскирован: **1234
2025-05-05 10:39:07,894 - src.masks - INFO - Начало работы функции mask_account_number для номера: 0000000000000000
2025-05-05 10:39:07,895 - src.masks - INFO - Счёт успешно замаскирован: **0000
2025-05-05 10:39:07,938 - src.masks - INFO - Начало работы функции mask_account_number для номера: 64686473678894779589
2025-05-05 10:39:07,940 - src.masks - INFO - Счёт успешно замаскирован: **9589
2025-05-05 10:39:07,948 - src.masks - INFO - Начало работы функции mask_account_number для номера: 35383033474447895560
2025-05-05 10:39:07,950 - src.masks - INFO - Счёт успешно замаскирован: **5560
2025-05-05 10:39:07,958 - src.masks - INFO - Начало работы функции mask_account_number для номера: 73654108430135874305
2025-05-05 10:39:07,960 - src.masks - INFO - Счёт успешно замаскирован: **4305
2025-05-05 10:39:07,969 - src.masks - INFO - Начало работы функции mask_card_number для номера: 1596837868705199
2025-05-05 10:39:07,971 - src.masks - INFO - Карта успешно замаскирована: 1596 83** **** 5199
2025-05-05 10:39:07,981 - src.masks - INFO - Начало работы функции mask_card_number для номера: 7158300734726758
2025-05-05 10:39:07,984 - src.masks - INFO - Карта успешно замаскирована: 7158 30** **** 6758
2025-05-05 10:39:07,993 - src.masks - INFO - Начало работы функции mask_card_number для номера: 6831982476737658
2025-05-05 10:39:07,995 - src.masks - INFO - Карта успешно замаскирована: 6831 98** **** 7658
2025-05-05 10:39:08,006 - src.masks - INFO - Начало работы функции mask_card_number для номера: 8990922113665229
2025-05-05 10:39:08,008 - src.masks - INFO - Карта успешно замаскирована: 8990 92** **** 5229
2025-05-05 10:39:08,019 - src.masks - INFO - Начало работы функции mask_card_number для номера: 5999414228426353
2025-05-05 10:39:08,020 - src.masks - INFO - Карта успешно замаскирована: 5999 41** **** 6353
2025-05-05 10:39:08,029 - src.masks - INFO - Начало работы функции mask_account_number для номера: 123
2025-05-05 10:39:08,040 - src.masks - INFO - Начало работы функции mask_account_number для номера: abcdef
2025-05-05 10:39:08,042 - src.masks - INFO - Счёт успешно замаскирован: **cdef
2025-05-05 10:39:08,051 - src.masks - INFO - Начало работы функции mask_card_number для номера: 1234567890123456
2025-05-05 10:39:08,053 - src.masks - INFO - Карта успешно замаскирована: 1234 56** **** 3456
